src/components/AccountsPanel.tsx(24,17): error TS2345: Argument of type 'Promise<UserProfile[]>' is not assignable to parameter of type 'SetStateAction<UserProfile[]>'.
src/components/ModelComparison.tsx(30,15): error TS2339: Property 'forEach' does not exist on type 'Promise<AIProvider[]>'.
src/components/ModelComparison.tsx(30,23): error TS7006: Parameter 'p' implicitly has an 'any' type.
src/components/ModelComparison.tsx(33,43): error TS7006: Parameter 'm' implicitly has an 'any' type.
src/components/ModelComparison.tsx(36,43): error TS7006: Parameter 'm' implicitly has an 'any' type.
